
> frontend@0.1.0 build
> next build

Ôû▓ Next.js 16.2.4 (Turbopack)
- Environments: .env.local

  Creating an optimized production build ...
Ô£ô Compiled successfully in 9.0s
  Running TypeScript ...
  Finished TypeScript in 16.6s ...
  Collecting page data using 5 workers ...
  Generating static pages using 5 workers (0/4) ...
npm.cmd : [api] NEXT_PUBLIC_API_URL aponta para localhost mas o app esta rodando fora do PC. Usando fallback seguro: https://devolvase.onrender.com
No linha:1 caractere:55
+ ... \Projeto meu de Música\frontend" ; & "npm.cmd" run build 2>&1 | Out-F ...
+                                        ~~~~~~~~~~~~~~~~~~~~~~~~~~
    + CategoryInfo          : NotSpecified: ([api] NEXT_PUBL...se.onrender.com    :String) [], RemoteException
    + FullyQualifiedErrorId : NativeCommandError
 
  Generating static pages using 5 workers (1/4) 
  Generating static pages using 5 workers (2/4) 
  Generating static pages using 5 workers (3/4) 
Ô£ô Generating static pages using 5 workers (4/4) in 3.2s
  Finalizing page optimization ...

Route (app)
Ôöî Ôùï /
Ôöö Ôùï /_not-found


Ôùï  (Static)  prerendered as static content

0
